Testing getDashboardStats for ADMIN...
Stats: {
  "totalPatients": 1,
  "totalDoctors": 2,
  "totalAppointments": 10,
  "totalPrescriptions": 0,
  "myAppointments": 7,
  "myPrescriptions": 0,
  "todayAppointments": 0,
  "completedSittings": 0
}
Testing getAppointments for PATIENT...
[36m[INFO][0m Trace: Entering getAppointments [User: 9a9ce89c-caca-418a-9333-21a67803c9c6, Role: PATIENT] { filters: {} }
[31m[ERROR][0m Trace: Failure in getAppointments {
  error: 'status is not defined',
  stack: 'ReferenceError: status is not defined\n' +
    '    at AppointmentService.getAppointments (file:///C:/Users/mas20/Desktop/work/alshifa-backend/services/appointment.service.js:24:25)\n' +
    '    at test (file:///C:/Users/mas20/Desktop/work/alshifa-backend/reproduce_issue.js:16:51)',
  id: '9a9ce89c-caca-418a-9333-21a67803c9c6',
  role: 'PATIENT'
}
node : PATIENT test failed: ReferenceError: status is not defined
At line:1 char:1
+ node reproduce_issue.js > test_log.txt 2>&1; type test_log.txt
+ ~~~~~~~~~~~~~~~~~~~~~~~~~~~~~~~~~~~~~~~~~~~
    + CategoryInfo          : NotSpecified: (PATIENT test fa... is not def 
   ined:String) [], RemoteException
    + FullyQualifiedErrorId : NativeCommandError
 
    at AppointmentService.getAppointments (file:///C:/Users/mas20/Desktop/w
ork/alshifa-backend/services/appointment.service.js:24:25)
    at test (file:///C:/Users/mas20/Desktop/work/alshifa-backend/reproduce_
issue.js:16:51)
Testing getAppointments with missing page (page=undefined, limit=20)...
[36m[INFO][0m Trace: Entering getAppointments [User: cad10bd3-15cb-4393-8742-b3498d87d253, Role: THERAPIST] { filters: { limit: '20' } }
[31m[ERROR][0m Trace: Failure in getAppointments {
  error: 'status is not defined',
  stack: 'ReferenceError: status is not defined\n' +
    '    at AppointmentService.getAppointments (file:///C:/Users/mas20/Desktop/work/alshifa-backend/services/appointment.service.js:24:25)\n' +
    '    at test (file:///C:/Users/mas20/Desktop/work/alshifa-backend/reproduce_issue.js:25:57)',
  id: 'cad10bd3-15cb-4393-8742-b3498d87d253',
  role: 'THERAPIST'
}
Missing page test failed: ReferenceError: status is not defined
    at AppointmentService.getAppointments (file:///C:/Users/mas20/Desktop/w
ork/alshifa-backend/services/appointment.service.js:24:25)
    at test (file:///C:/Users/mas20/Desktop/work/alshifa-backend/reproduce_
issue.js:25:57)
Testing getAppointments with invalid pagination (page=0)...
[36m[INFO][0m Trace: Entering getAppointments [User: cad10bd3-15cb-4393-8742-b3498d87d253, Role: THERAPIST] { filters: { page: 0 } }
[31m[ERROR][0m Trace: Failure in getAppointments {
  error: 'status is not defined',
  stack: 'ReferenceError: status is not defined\n' +
    '    at AppointmentService.getAppointments (file:///C:/Users/mas20/Desktop/work/alshifa-backend/services/appointment.service.js:24:25)\n' +
    '    at test (file:///C:/Users/mas20/Desktop/work/alshifa-backend/reproduce_issue.js:33:54)',
  id: 'cad10bd3-15cb-4393-8742-b3498d87d253',
  role: 'THERAPIST'
}
Page=0 test failed: ReferenceError: status is not defined
    at AppointmentService.getAppointments (file:///C:/Users/mas20/Desktop/w
ork/alshifa-backend/services/appointment.service.js:24:25)
    at test (file:///C:/Users/mas20/Desktop/work/alshifa-backend/reproduce_
issue.js:33:54)
Testing getAppointments for THERAPIST...
[36m[INFO][0m Trace: Entering getAppointments [User: cad10bd3-15cb-4393-8742-b3498d87d253, Role: THERAPIST] { filters: {} }
[31m[ERROR][0m Trace: Failure in getAppointments {
  error: 'status is not defined',
  stack: 'ReferenceError: status is not defined\n' +
    '    at AppointmentService.getAppointments (file:///C:/Users/mas20/Desktop/work/alshifa-backend/services/appointment.service.js:24:25)\n' +
    '    at test (file:///C:/Users/mas20/Desktop/work/alshifa-backend/reproduce_issue.js:40:49)',
  id: 'cad10bd3-15cb-4393-8742-b3498d87d253',
  role: 'THERAPIST'
}
Test failed: ReferenceError: status is not defined
    at AppointmentService.getAppointments (file:///C:/Users/mas20/Desktop/w
ork/alshifa-backend/services/appointment.service.js:24:25)
    at test (file:///C:/Users/mas20/Desktop/work/alshifa-backend/reproduce_
issue.js:40:49)
